MPU6050.c:49:6:MPU6050_setAddress	16	static
MPU6050.c:61:6:MPU6050_initialize	8	static
MPU6050.c:73:6:MPU6050_testConnection	8	static
MPU6050.c:85:9:MPU6050_getAuxVDDIOLevel	16	static
MPU6050.c:95:6:MPU6050_setAuxVDDIOLevel	16	static
MPU6050.c:122:9:MPU6050_getRate	8	static
MPU6050.c:131:6:MPU6050_setRate	16	static
MPU6050.c:164:9:MPU6050_getExternalFrameSync	16	static
MPU6050.c:173:6:MPU6050_setExternalFrameSync	24	static
MPU6050.c:204:9:MPU6050_getDLPFMode	16	static
MPU6050.c:216:6:MPU6050_setDLPFMode	24	static
MPU6050.c:239:9:MPU6050_getFullScaleGyroRange	16	static
MPU6050.c:251:6:MPU6050_setFullScaleGyroRange	24	static
MPU6050.c:261:6:MPU6050_getAccelXSelfTest	16	static
MPU6050.c:269:6:MPU6050_setAccelXSelfTest	16	static
MPU6050.c:276:6:MPU6050_getAccelYSelfTest	16	static
MPU6050.c:284:6:MPU6050_setAccelYSelfTest	16	static
MPU6050.c:291:6:MPU6050_getAccelZSelfTest	16	static
MPU6050.c:299:6:MPU6050_setAccelZSelfTest	16	static
MPU6050.c:319:9:MPU6050_getFullScaleAccelRange	16	static
MPU6050.c:327:6:MPU6050_setFullScaleAccelRange	24	static
MPU6050.c:365:9:MPU6050_getDHPFMode	16	static
MPU6050.c:375:6:MPU6050_setDHPFMode	24	static
MPU6050.c:396:9:MPU6050_getFreefallDetectionThreshold	8	static
MPU6050.c:405:6:MPU6050_setFreefallDetectionThreshold	16	static
MPU6050.c:428:9:MPU6050_getFreefallDetectionDuration	8	static
MPU6050.c:437:6:MPU6050_setFreefallDetectionDuration	16	static
MPU6050.c:462:9:MPU6050_getMotionDetectionThreshold	8	static
MPU6050.c:471:6:MPU6050_setMotionDetectionThreshold	16	static
MPU6050.c:492:9:MPU6050_getMotionDetectionDuration	8	static
MPU6050.c:501:6:MPU6050_setMotionDetectionDuration	16	static
MPU6050.c:532:9:MPU6050_getZeroMotionDetectionThreshold	8	static
MPU6050.c:541:6:MPU6050_setZeroMotionDetectionThreshold	16	static
MPU6050.c:563:9:MPU6050_getZeroMotionDetectionDuration	8	static
MPU6050.c:572:6:MPU6050_setZeroMotionDetectionDuration	16	static
MPU6050.c:584:6:MPU6050_getTempFIFOEnabled	16	static
MPU6050.c:593:6:MPU6050_setTempFIFOEnabled	16	static
MPU6050.c:602:6:MPU6050_getXGyroFIFOEnabled	16	static
MPU6050.c:611:6:MPU6050_setXGyroFIFOEnabled	16	static
MPU6050.c:620:6:MPU6050_getYGyroFIFOEnabled	16	static
MPU6050.c:629:6:MPU6050_setYGyroFIFOEnabled	16	static
MPU6050.c:638:6:MPU6050_getZGyroFIFOEnabled	16	static
MPU6050.c:647:6:MPU6050_setZGyroFIFOEnabled	16	static
MPU6050.c:657:6:MPU6050_getAccelFIFOEnabled	16	static
MPU6050.c:666:6:MPU6050_setAccelFIFOEnabled	16	static
MPU6050.c:675:6:MPU6050_getSlave2FIFOEnabled	16	static
MPU6050.c:684:6:MPU6050_setSlave2FIFOEnabled	16	static
MPU6050.c:693:6:MPU6050_getSlave1FIFOEnabled	16	static
MPU6050.c:702:6:MPU6050_setSlave1FIFOEnabled	16	static
MPU6050.c:711:6:MPU6050_getSlave0FIFOEnabled	16	static
MPU6050.c:720:6:MPU6050_setSlave0FIFOEnabled	16	static
MPU6050.c:741:6:MPU6050_getMultiMasterEnabled	16	static
MPU6050.c:750:6:MPU6050_setMultiMasterEnabled	16	static
MPU6050.c:764:6:MPU6050_getWaitForExternalSensorEnabled	16	static
MPU6050.c:773:6:MPU6050_setWaitForExternalSensorEnabled	16	static
MPU6050.c:782:6:MPU6050_getSlave3FIFOEnabled	16	static
MPU6050.c:791:6:MPU6050_setSlave3FIFOEnabled	16	static
MPU6050.c:804:6:MPU6050_getSlaveReadWriteTransitionEnabled	16	static
MPU6050.c:813:6:MPU6050_setSlaveReadWriteTransitionEnabled	16	static
MPU6050.c:845:9:MPU6050_getMasterClockSpeed	16	static
MPU6050.c:853:6:MPU6050_setMasterClockSpeed	24	static
MPU6050.c:900:9:MPU6050_getSlaveAddress	16	static
MPU6050.c:911:6:MPU6050_setSlaveAddress	16	static
MPU6050.c:926:9:MPU6050_getSlaveRegister	16	static
MPU6050.c:937:6:MPU6050_setSlaveRegister	16	static
MPU6050.c:948:6:MPU6050_getSlaveEnabled	24	static
MPU6050.c:959:6:MPU6050_setSlaveEnabled	16	static
MPU6050.c:974:6:MPU6050_getSlaveWordByteSwap	24	static
MPU6050.c:985:6:MPU6050_setSlaveWordByteSwap	16	static
MPU6050.c:999:6:MPU6050_getSlaveWriteMode	24	static
MPU6050.c:1010:6:MPU6050_setSlaveWriteMode	16	static
MPU6050.c:1025:6:MPU6050_getSlaveWordGroupOffset	24	static
MPU6050.c:1036:6:MPU6050_setSlaveWordGroupOffset	16	static
MPU6050.c:1047:9:MPU6050_getSlaveDataLength	24	static
MPU6050.c:1058:6:MPU6050_setSlaveDataLength	24	static
MPU6050.c:1074:9:MPU6050_getSlave4Address	8	static
MPU6050.c:1083:6:MPU6050_setSlave4Address	16	static
MPU6050.c:1093:9:MPU6050_getSlave4Register	8	static
MPU6050.c:1102:6:MPU6050_setSlave4Register	16	static
MPU6050.c:1111:6:MPU6050_setSlave4OutputByte	16	static
MPU6050.c:1120:6:MPU6050_getSlave4Enabled	16	static
MPU6050.c:1129:6:MPU6050_setSlave4Enabled	16	static
MPU6050.c:1141:6:MPU6050_getSlave4InterruptEnabled	16	static
MPU6050.c:1150:6:MPU6050_setSlave4InterruptEnabled	16	static
MPU6050.c:1162:6:MPU6050_getSlave4WriteMode	16	static
MPU6050.c:1171:6:MPU6050_setSlave4WriteMode	16	static
MPU6050.c:1189:9:MPU6050_getSlave4MasterDelay	16	static
MPU6050.c:1198:6:MPU6050_setSlave4MasterDelay	24	static
MPU6050.c:1207:9:MPU6050_getSlate4InputByte	8	static
MPU6050.c:1223:6:MPU6050_getPassthroughStatus	16	static
MPU6050.c:1235:6:MPU6050_getSlave4IsDone	16	static
MPU6050.c:1246:6:MPU6050_getLostArbitration	16	static
MPU6050.c:1257:6:MPU6050_getSlave4Nack	16	static
MPU6050.c:1268:6:MPU6050_getSlave3Nack	16	static
MPU6050.c:1279:6:MPU6050_getSlave2Nack	16	static
MPU6050.c:1290:6:MPU6050_getSlave1Nack	16	static
MPU6050.c:1301:6:MPU6050_getSlave0Nack	16	static
MPU6050.c:1314:6:MPU6050_getInterruptMode	16	static
MPU6050.c:1324:6:MPU6050_setInterruptMode	16	static
MPU6050.c:1333:6:MPU6050_getInterruptDrive	16	static
MPU6050.c:1343:6:MPU6050_setInterruptDrive	16	static
MPU6050.c:1352:6:MPU6050_getInterruptLatch	16	static
MPU6050.c:1362:6:MPU6050_setInterruptLatch	16	static
MPU6050.c:1371:6:MPU6050_getInterruptLatchClear	16	static
MPU6050.c:1381:6:MPU6050_setInterruptLatchClear	16	static
MPU6050.c:1390:6:MPU6050_getFSyncInterruptLevel	16	static
MPU6050.c:1400:6:MPU6050_setFSyncInterruptLevel	16	static
MPU6050.c:1409:6:MPU6050_getFSyncInterruptEnabled	16	static
MPU6050.c:1419:6:MPU6050_setFSyncInterruptEnabled	16	static
MPU6050.c:1433:6:MPU6050_getI2CBypassEnabled	16	static
MPU6050.c:1448:6:MPU6050_setI2CBypassEnabled	16	static
MPU6050.c:1460:6:MPU6050_getClockOutputEnabled	16	static
MPU6050.c:1473:6:MPU6050_setClockOutputEnabled	16	static
MPU6050.c:1486:9:MPU6050_getIntEnabled	8	static
MPU6050.c:1498:6:MPU6050_setIntEnabled	16	static
MPU6050.c:1507:6:MPU6050_getIntFreefallEnabled	16	static
MPU6050.c:1517:6:MPU6050_setIntFreefallEnabled	16	static
MPU6050.c:1526:6:MPU6050_getIntMotionEnabled	16	static
MPU6050.c:1536:6:MPU6050_setIntMotionEnabled	16	static
MPU6050.c:1545:6:MPU6050_getIntZeroMotionEnabled	16	static
MPU6050.c:1555:6:MPU6050_setIntZeroMotionEnabled	16	static
MPU6050.c:1564:6:MPU6050_getIntFIFOBufferOverflowEnabled	16	static
MPU6050.c:1574:6:MPU6050_setIntFIFOBufferOverflowEnabled	16	static
MPU6050.c:1584:6:MPU6050_getIntI2CMasterEnabled	16	static
MPU6050.c:1594:6:MPU6050_setIntI2CMasterEnabled	16	static
MPU6050.c:1604:6:MPU6050_getIntDataReadyEnabled	16	static
MPU6050.c:1614:6:MPU6050_setIntDataReadyEnabled	16	static
MPU6050.c:1627:9:MPU6050_getIntStatus	8	static
MPU6050.c:1638:6:MPU6050_getIntFreefallStatus	16	static
MPU6050.c:1649:6:MPU6050_getIntMotionStatus	16	static
MPU6050.c:1660:6:MPU6050_getIntZeroMotionStatus	16	static
MPU6050.c:1671:6:MPU6050_getIntFIFOBufferOverflowStatus	16	static
MPU6050.c:1683:6:MPU6050_getIntI2CMasterStatus	16	static
MPU6050.c:1694:6:MPU6050_getIntDataReadyStatus	16	static
MPU6050.c:1717:6:MPU6050_getMotion9	32	static
MPU6050.c:1733:6:MPU6050_getMotion6	32	static
MPU6050.c:1780:6:MPU6050_getAcceleration	32	static
MPU6050.c:1791:9:MPU6050_getAccelerationX	16	static
MPU6050.c:1800:9:MPU6050_getAccelerationY	16	static
MPU6050.c:1809:9:MPU6050_getAccelerationZ	16	static
MPU6050.c:1820:9:MPU6050_getTemperature	16	static
MPU6050.c:1859:6:MPU6050_getRotation	32	static
MPU6050.c:1870:9:MPU6050_getRotationX	16	static
MPU6050.c:1879:9:MPU6050_getRotationY	16	static
MPU6050.c:1888:9:MPU6050_getRotationZ	16	static
MPU6050.c:1969:9:MPU6050_getExternalSensorByte	16	static
MPU6050.c:1978:10:MPU6050_getExternalSensorWord	24	static
MPU6050.c:1987:10:MPU6050_getExternalSensorDWord	24	static
MPU6050.c:1998:9:MPU6050_getMotionStatus	8	static
MPU6050.c:2007:6:MPU6050_getXNegMotionDetected	16	static
MPU6050.c:2016:6:MPU6050_getXPosMotionDetected	16	static
MPU6050.c:2025:6:MPU6050_getYNegMotionDetected	16	static
MPU6050.c:2034:6:MPU6050_getYPosMotionDetected	16	static
MPU6050.c:2043:6:MPU6050_getZNegMotionDetected	16	static
MPU6050.c:2052:6:MPU6050_getZPosMotionDetected	16	static
MPU6050.c:2061:6:MPU6050_getZeroMotionDetected	16	static
MPU6050.c:2076:6:MPU6050_setSlaveOutputByte	16	static
MPU6050.c:2091:6:MPU6050_getExternalShadowDelayEnabled	16	static
MPU6050.c:2101:6:MPU6050_setExternalShadowDelayEnabled	16	static
MPU6050.c:2122:6:MPU6050_getSlaveDelayEnabled	24	static
MPU6050.c:2134:6:MPU6050_setSlaveDelayEnabled	16	static
MPU6050.c:2146:6:MPU6050_resetGyroscopePath	8	static
MPU6050.c:2155:6:MPU6050_resetAccelerometerPath	8	static
MPU6050.c:2164:6:MPU6050_resetTemperaturePath	8	static
MPU6050.c:2184:9:MPU6050_getAccelerometerPowerOnDelay	16	static
MPU6050.c:2194:6:MPU6050_setAccelerometerPowerOnDelay	24	static
MPU6050.c:2223:9:MPU6050_getFreefallDetectionCounterDecrement	16	static
MPU6050.c:2233:6:MPU6050_setFreefallDetectionCounterDecrement	24	static
MPU6050.c:2259:9:MPU6050_getMotionDetectionCounterDecrement	16	static
MPU6050.c:2269:6:MPU6050_setMotionDetectionCounterDecrement	24	static
MPU6050.c:2283:6:MPU6050_getFIFOEnabled	16	static
MPU6050.c:2293:6:MPU6050_setFIFOEnabled	16	static
MPU6050.c:2307:6:MPU6050_getI2CMasterModeEnabled	16	static
MPU6050.c:2317:6:MPU6050_setI2CMasterModeEnabled	16	static
MPU6050.c:2324:6:MPU6050_switchSPIEnabled	16	static
MPU6050.c:2333:6:MPU6050_resetFIFO	8	static
MPU6050.c:2342:6:MPU6050_resetI2CMaster	8	static
MPU6050.c:2357:6:MPU6050_resetSensors	8	static
MPU6050.c:2368:6:MPU6050_reset	8	static
MPU6050.c:2382:6:MPU6050_getSleepEnabled	16	static
MPU6050.c:2392:6:MPU6050_setSleepEnabled	16	static
MPU6050.c:2403:6:MPU6050_getWakeCycleEnabled	16	static
MPU6050.c:2413:6:MPU6050_setWakeCycleEnabled	16	static
MPU6050.c:2427:6:MPU6050_getTempSensorEnabled	16	static
MPU6050.c:2441:6:MPU6050_setTempSensorEnabled	16	static
MPU6050.c:2451:9:MPU6050_getClockSource	16	static
MPU6050.c:2485:6:MPU6050_setClockSource	24	static
MPU6050.c:2514:9:MPU6050_getWakeFrequency	16	static
MPU6050.c:2522:6:MPU6050_setWakeFrequency	24	static
MPU6050.c:2532:6:MPU6050_getStandbyXAccelEnabled	16	static
MPU6050.c:2542:6:MPU6050_setStandbyXAccelEnabled	16	static
MPU6050.c:2551:6:MPU6050_getStandbyYAccelEnabled	16	static
MPU6050.c:2561:6:MPU6050_setStandbyYAccelEnabled	16	static
MPU6050.c:2570:6:MPU6050_getStandbyZAccelEnabled	16	static
MPU6050.c:2580:6:MPU6050_setStandbyZAccelEnabled	16	static
MPU6050.c:2589:6:MPU6050_getStandbyXGyroEnabled	16	static
MPU6050.c:2599:6:MPU6050_setStandbyXGyroEnabled	16	static
MPU6050.c:2608:6:MPU6050_getStandbyYGyroEnabled	16	static
MPU6050.c:2618:6:MPU6050_setStandbyYGyroEnabled	16	static
MPU6050.c:2627:6:MPU6050_getStandbyZGyroEnabled	16	static
MPU6050.c:2637:6:MPU6050_setStandbyZGyroEnabled	16	static
MPU6050.c:2650:10:MPU6050_getFIFOCount	16	static
MPU6050.c:2682:9:MPU6050_getFIFOByte	8	static
MPU6050.c:2686:6:MPU6050_getFIFOBytes	24	static
MPU6050.c:2693:6:MPU6050_setFIFOByte	16	static
MPU6050.c:2706:9:MPU6050_getDeviceID	16	static
MPU6050.c:2719:6:MPU6050_setDeviceID	24	static
MPU6050.c:2727:9:MPU6050_getOTPBankValid	16	static
MPU6050.c:2731:6:MPU6050_setOTPBankValid	16	static
MPU6050.c:2734:8:MPU6050_getXGyroOffsetTC	16	static
MPU6050.c:2738:6:MPU6050_setXGyroOffsetTC	24	static
MPU6050.c:2744:8:MPU6050_getYGyroOffsetTC	16	static
MPU6050.c:2748:6:MPU6050_setYGyroOffsetTC	24	static
MPU6050.c:2754:8:MPU6050_getZGyroOffsetTC	16	static
MPU6050.c:2758:6:MPU6050_setZGyroOffsetTC	24	static
MPU6050.c:2764:8:MPU6050_getXFineGain	8	static
MPU6050.c:2768:6:MPU6050_setXFineGain	16	static
MPU6050.c:2774:8:MPU6050_getYFineGain	8	static
MPU6050.c:2778:6:MPU6050_setYFineGain	16	static
MPU6050.c:2784:8:MPU6050_getZFineGain	8	static
MPU6050.c:2788:6:MPU6050_setZFineGain	16	static
MPU6050.c:2794:9:MPU6050_getXAccelOffset	16	static
MPU6050.c:2798:6:MPU6050_setXAccelOffset	16	static
MPU6050.c:2804:9:MPU6050_getYAccelOffset	16	static
MPU6050.c:2808:6:MPU6050_setYAccelOffset	16	static
MPU6050.c:2814:9:MPU6050_getZAccelOffset	16	static
MPU6050.c:2818:6:MPU6050_setZAccelOffset	16	static
MPU6050.c:2824:9:MPU6050_getXGyroOffset	16	static
MPU6050.c:2828:6:MPU6050_setXGyroOffset	16	static
MPU6050.c:2834:9:MPU6050_getYGyroOffset	16	static
MPU6050.c:2838:6:MPU6050_setYGyroOffset	16	static
MPU6050.c:2844:9:MPU6050_getZGyroOffset	16	static
MPU6050.c:2848:6:MPU6050_setZGyroOffset	16	static
MPU6050.c:2854:6:MPU6050_getIntPLLReadyEnabled	16	static
MPU6050.c:2858:6:MPU6050_setIntPLLReadyEnabled	16	static
MPU6050.c:2861:6:MPU6050_getIntDMPEnabled	16	static
MPU6050.c:2865:6:MPU6050_setIntDMPEnabled	16	static
MPU6050.c:2871:6:MPU6050_getDMPInt5Status	16	static
MPU6050.c:2875:6:MPU6050_getDMPInt4Status	16	static
MPU6050.c:2879:6:MPU6050_getDMPInt3Status	16	static
MPU6050.c:2883:6:MPU6050_getDMPInt2Status	16	static
MPU6050.c:2887:6:MPU6050_getDMPInt1Status	16	static
MPU6050.c:2891:6:MPU6050_getDMPInt0Status	16	static
MPU6050.c:2898:6:MPU6050_getIntPLLReadyStatus	16	static
MPU6050.c:2902:6:MPU6050_getIntDMPStatus	16	static
MPU6050.c:2909:6:MPU6050_getDMPEnabled	16	static
MPU6050.c:2913:6:MPU6050_setDMPEnabled	16	static
MPU6050.c:2916:6:MPU6050_resetDMP	8	static
MPU6050.c:2922:6:MPU6050_setMemoryBank	24	static
MPU6050.c:2931:6:MPU6050_setMemoryStartAddress	16	static
MPU6050.c:2937:9:MPU6050_readMemoryByte	8	static
MPU6050.c:2941:6:MPU6050_writeMemoryByte	16	static
MPU6050.c:2944:6:MPU6050_readMemoryBlock	32	static
MPU6050.c:2976:6:MPU6050_writeMemoryBlock	40	static
MPU6050.c:3052:6:MPU6050_writeProgMemoryBlock	24	static
MPU6050.c:3055:6:MPU6050_writeDMPConfigurationSet	48	static
MPU6050.c:3130:6:MPU6050_writeProgDMPConfigurationSet	16	static
MPU6050.c:3136:9:MPU6050_getDMPConfig1	8	static
MPU6050.c:3140:6:MPU6050_setDMPConfig1	16	static
MPU6050.c:3146:9:MPU6050_getDMPConfig2	8	static
MPU6050.c:3150:6:MPU6050_setDMPConfig2	16	static
